[index-2.html]
[xfn/11.html]
[backblue.gif]
[fade.gif]
[index.html]
[feed/index.html]
[comments/feed/index.html]
[wp-includes/js/jquery/jquery.min9d52.js]
[wp-includes/js/jquery/jquery-migrate.mind617.js]
[wp-content/plugins/ultimate-member/assets/js/um-gdpr.min7e68.js]
[wp-json/index.html]
[wp-json/wp/v2/pages/6.json]
[xmlrpc0db0.php]
[wp-includes/wlwmanifest.xml]
[wp-json/oembed/1.0/embed9b8a.json]
[wp-json/oembed/1.0/embedee84]
[wp-content/uploads/2020/11/cropped-site_icon-32x32.png]
[wp-content/uploads/2020/11/cropped-site_icon-192x192.png]
[wp-content/uploads/2020/11/cropped-site_icon-180x180.png]
[wp-content/plugins/smart-slider-3/Public/SmartSlider3/Application/Frontend/Assets/dist/n2.min33f7.js]
[wp-content/plugins/smart-slider-3/Public/SmartSlider3/Application/Frontend/Assets/dist/smartslider-frontend.min33f7.js]
[wp-content/plugins/smart-slider-3/Public/SmartSlider3/Slider/SliderType/Simple/Assets/dist/smartslider-simple-type-frontend.min33f7.js]
[wp-content/plugins/smart-slider-3/Public/SmartSlider3/Application/Frontend/Assets/dist/nextend-webfontloader.min33f7.js]
[wp-content/uploads/2020/09/logo.png]
[wp-content/uploads/2020/10/girl2.png]
[about-us/index.html]
[courses-offered/it-courses/index.html]
[courses-offered/computer-courses/index.html]
[wp-content/uploads/2020/10/girl.png]
[courses-offered/networking-courses/index.html]
[courses-offered/cad-courses/index.html]
[wp-content/uploads/2020/12/english2.png]
[courses-offered/exclusive-individual-courses/index.html]
[courses-offered/multimedia-courses/index.html]
[wp-content/uploads/2020/11/python.png]
[gallery/index.html]
[wp-content/uploads/2020/11/devops.png]
[get-in-touch/index.html]
[wp-content/uploads/2020/11/java.png]
[wp-content/uploads/2020/10/heritage2-300x282.png]
[softech-computers/index.html]
[setwin/index.html]
[english-courses/index.html]
[enroll-now/index.html]
[wp-content/plugins/theme-my-login/assets/scripts/theme-my-login.min03db.js]
[wp-includes/js/imagesloaded.mineda1.js]
[wp-content/themes/oceanwp/assets/js/third/magnific-popup.min2e49.js]
[wp-content/themes/oceanwp/assets/js/third/lightbox.min2e49.js]
[wp-content/themes/oceanwp/assets/js/main.min2e49.js]
[wp-content/plugins/elementskit-lite/libs/framework/assets/js/frontend-script605a.js]
[wp-content/plugins/elementskit-lite/widgets/init/assets/js/widget-scripts605a.js]
[wp-content/plugins/creame-whatsapp-me/public/js/joinchat.min3653.js]
[wp-content/plugins/ultimate-member/assets/js/select2/select2.full.min7e68.js]
[wp-includes/js/underscore.min4511.js]
[wp-includes/js/wp-util.min9f31.js]
[wp-content/plugins/ultimate-member/assets/js/um-crop.min7e68.js]
[wp-content/plugins/ultimate-member/assets/js/um-modal.min7e68.js]
[wp-content/plugins/ultimate-member/assets/js/um-jquery-form.min7e68.js]
[wp-content/plugins/ultimate-member/assets/js/um-fileupload.min7e68.js]
[wp-content/plugins/ultimate-member/assets/js/pickadate/picker7e68.js]
[wp-content/plugins/ultimate-member/assets/js/pickadate/picker.date7e68.js]
[wp-content/plugins/ultimate-member/assets/js/pickadate/picker.time7e68.js]
[wp-includes/js/dist/vendor/wp-polyfill.min89b1.js]
[wp-includes/js/dist/vendor/wp-polyfill-fetch.min6e0e.js]
[wp-includes/js/dist/vendor/wp-polyfill-node-contains.min2e00.js]
[wp-includes/js/dist/vendor/wp-polyfill-dom-rect.min2e00.js]
[wp-includes/js/dist/vendor/wp-polyfill-url.min5aed.js]
[wp-includes/js/dist/vendor/wp-polyfill-formdata.mine9bd.js]
[wp-includes/js/dist/vendor/wp-polyfill-element-closest.min4c56.js]
[wp-includes/js/dist/vendor/wp-polyfill-object-fit.min531b.js]
[wp-includes/js/dist/hooks.minf521.js]
[wp-includes/js/dist/i18n.min87d6.js]
[wp-content/plugins/ultimate-member/assets/js/um-raty.min7e68.js]
[wp-content/plugins/ultimate-member/assets/js/um-tipsy.min7e68.js]
[wp-includes/js/masonry.min3a05.js]
[wp-includes/js/jquery/jquery.masonry.minef70.js]
[wp-content/plugins/ultimate-member/assets/js/simplebar.min7e68.js]
[wp-content/plugins/ultimate-member/assets/js/um-functions.min7e68.js]
[wp-content/plugins/ultimate-member/assets/js/um-responsive.min7e68.js]
[wp-content/plugins/ultimate-member/assets/js/um-conditional.min7e68.js]
[wp-content/plugins/ultimate-member/assets/js/um-scripts.min7e68.js]
[wp-content/plugins/ultimate-member/assets/js/um-profile.min7e68.js]
[wp-content/plugins/ultimate-member/assets/js/um-account.min7e68.js]
[wp-includes/js/wp-embed.min9f31.js]
[wp-content/plugins/horizontal-scrolling-announcements/script/jquery.marquee.min9f31.js]
[wp-content/plugins/elementor/assets/lib/jquery-numerator/jquery-numerator.min3958.js]
[wp-content/plugins/elementor/assets/js/webpack.runtime.minee9a.js]
[wp-content/plugins/elementor/assets/js/frontend-modules.minee9a.js]
[wp-content/plugins/elementor/assets/lib/waypoints/waypoints.min05da.js]
[wp-includes/js/jquery/ui/core.min35d0.js]
[wp-content/plugins/elementor/assets/lib/swiper/swiper.min48f5.js]
[wp-content/plugins/elementor/assets/lib/share-link/share-link.minee9a.js]
[wp-content/plugins/elementor/assets/lib/dialog/dialog.mina288.js]
[wp-content/plugins/elementor/assets/js/frontend.minee9a.js]
[wp-content/plugins/elementskit-lite/widgets/init/assets/js/slick.min605a.js]
[wp-content/plugins/elementskit-lite/widgets/init/assets/js/elementor605a.js]
[wp-content/plugins/elementor/assets/js/preloaded-modules.minee9a.js]
[wp-content/plugins/elementskit-lite/modules/controls/assets/js/widgetarea-editor605a.js]
[index-2.html]
[xfn/default.css]
[xfn/.html]
[xfn/intro.html]
[xfn/faq.html]
[xfn/11.html]
[index-3.html]
[wp-content/plugins/elementor/assets/css/frontend-legacy.minee9a.css]
[wp-content/plugins/elementor/assets/lib/eicons/fonts/eicons0b93.eot]
[wp-content/plugins/elementor/assets/lib/eicons/fonts/eicons0b93.woff2]
[wp-content/plugins/elementor/assets/lib/eicons/fonts/eicons0b93.woff]
[wp-content/plugins/elementor/assets/lib/eicons/fonts/eicons0b93.ttf]
[wp-content/plugins/elementor/assets/css/frontend.minee9a.css]
[wp-content/uploads/elementor/css/post-1769d71.css]
[wp-content/uploads/elementor/css/post-6519d71.css]
[wp-includes/css/dist/block-library/style.min9f31.css]
[wp-includes/css/dist/block-library/theme.min9f31.css]
[wp-content/plugins/theme-my-login/assets/styles/theme-my-login.min03db.css]
[wp-content/themes/oceanwp/assets/fonts/fontawesome/webfonts/fa-brands-400.eot]
[wp-content/themes/oceanwp/assets/fonts/fontawesome/webfonts/fa-brands-400d41d.eot]
[wp-content/themes/oceanwp/assets/fonts/fontawesome/webfonts/fa-brands-400.woff2]
[wp-content/themes/oceanwp/assets/fonts/fontawesome/webfonts/fa-brands-400.woff]
[wp-content/themes/oceanwp/assets/fonts/fontawesome/webfonts/fa-brands-400.ttf]
[wp-content/themes/oceanwp/assets/fonts/fontawesome/webfonts/fa-regular-400.eot]
[wp-content/themes/oceanwp/assets/fonts/fontawesome/webfonts/fa-regular-400d41d.eot]
[wp-content/themes/oceanwp/assets/fonts/fontawesome/webfonts/fa-regular-400.woff2]
[wp-content/themes/oceanwp/assets/fonts/fontawesome/webfonts/fa-regular-400.woff]
[wp-content/themes/oceanwp/assets/fonts/fontawesome/webfonts/fa-regular-400.ttf]
[wp-content/themes/oceanwp/assets/fonts/fontawesome/webfonts/fa-solid-900.eot]
[wp-content/themes/oceanwp/assets/fonts/fontawesome/webfonts/fa-solid-900d41d.eot]
[wp-content/themes/oceanwp/assets/fonts/fontawesome/webfonts/fa-solid-900.woff2]
[wp-content/themes/oceanwp/assets/fonts/fontawesome/webfonts/fa-solid-900.woff]
[wp-content/themes/oceanwp/assets/fonts/fontawesome/webfonts/fa-solid-900.ttf]
[wp-content/themes/oceanwp/assets/fonts/fontawesome/css/all.minaec5.css]
[wp-content/themes/oceanwp/assets/fonts/simple-line-icons/Simple-Line-Iconsb26c.eot]
[wp-content/themes/oceanwp/assets/fonts/simple-line-icons/Simple-Line-Iconsb26c.woff2]
[wp-content/themes/oceanwp/assets/fonts/simple-line-icons/Simple-Line-Iconsb26c.ttf]
[wp-content/themes/oceanwp/assets/fonts/simple-line-icons/Simple-Line-Iconsb26c.woff]
[wp-content/themes/oceanwp/assets/css/third/simple-line-icons.min8d5a.css]
[wp-content/themes/oceanwp/assets/css/third/magnific-popup.min8a54.css]
[wp-content/themes/oceanwp/assets/fonts/slick/slick.eot]
[wp-content/themes/oceanwp/assets/fonts/slick/slickd41d.eot]
[wp-content/themes/oceanwp/assets/fonts/slick/slick.woff]
[wp-content/themes/oceanwp/assets/fonts/slick/slick.ttf]
[wp-content/themes/oceanwp/assets/css/third/slick.minaff7.css]
[wp-content/themes/oceanwp/assets/css/style.min2e49.css]
[wp-content/plugins/elementskit-lite/modules/controls/assets/fonts/elementskit97ac.woff]
[wp-content/plugins/elementskit-lite/modules/controls/assets/css/ekiticonsad76.css]
[wp-content/plugins/creame-whatsapp-me/public/css/joinchat.min3653.css]
[wp-content/plugins/elementor/assets/lib/eicons/fonts/eiconsa481.eot]
[wp-content/plugins/elementor/assets/lib/eicons/fonts/eiconsa481.woff2]
[wp-content/plugins/elementor/assets/lib/eicons/fonts/eiconsa481.woff]
[wp-content/plugins/elementor/assets/lib/eicons/fonts/eiconsa481.ttf]
[wp-content/plugins/elementor/assets/lib/eicons/css/elementor-icons.min21f9.css]
[wp-content/plugins/elementor/assets/lib/animations/animations.minee9a.css]
[wp-content/uploads/elementor/css/post-5f763.css]
[wp-content/plugins/image-hover-effects-addon-for-elementor/assets/style.minc412.css]
[wp-content/plugins/elementskit-lite/modules/controls/assets/css/widgetarea-editor605a.css]
[wp-content/uploads/elementor/css/globalc49f.css]
[wp-content/uploads/2020/09/Schedule_img.jpg]
[wp-content/uploads/elementor/css/post-60c54.css]
[wp-content/plugins/elementskit-lite/widgets/init/assets/img/arrow.png]
[wp-content/plugins/elementskit-lite/widgets/init/assets/img/sort_asc.png]
[wp-content/plugins/elementskit-lite/widgets/init/assets/img/sort_desc.png]
[wp-content/plugins/elementskit-lite/widgets/init/assets/img/sort_asc_disabled.png]
[wp-content/plugins/elementskit-lite/widgets/init/assets/css/widget-styles605a.css]
[wp-content/plugins/elementskit-lite/widgets/init/assets/css/responsive605a.css]
[wp-content/plugins/ultimate-member/assets/font/ionicons28b5.eot]
[wp-content/plugins/ultimate-member/assets/font/ionicons28b5.woff]
[wp-content/plugins/ultimate-member/assets/font/ionicons28b5.ttf]
[wp-content/plugins/ultimate-member/assets/css/um-fonticons-ii7e68.css]
[wp-content/plugins/ultimate-member/assets/font/fontawesome-webfont78ce.eot]
[wp-content/plugins/ultimate-member/assets/font/fontawesome-webfont78ce.woff]
[wp-content/plugins/ultimate-member/assets/font/fontawesome-webfont78ce.ttf]
[wp-content/plugins/ultimate-member/assets/css/um-fonticons-fa7e68.css]
[wp-content/plugins/ultimate-member/assets/css/select2/select2.min7e68.css]
[wp-content/plugins/ultimate-member/assets/css/um-crop7e68.css]
[wp-content/plugins/ultimate-member/assets/img/loading.gif]
[wp-content/plugins/ultimate-member/assets/css/um-modal7e68.css]
[wp-content/plugins/ultimate-member/assets/css/um-styles7e68.css]
[wp-content/plugins/ultimate-member/assets/img/loading-dots.gif]
[wp-content/plugins/ultimate-member/assets/css/um-profile7e68.css]
[wp-content/plugins/ultimate-member/assets/css/um-account7e68.css]
[wp-content/plugins/ultimate-member/assets/css/um-misc7e68.css]
[wp-content/plugins/ultimate-member/assets/css/um-fileupload7e68.css]
[wp-content/plugins/ultimate-member/assets/css/pickadate/default7e68.css]
[wp-content/plugins/ultimate-member/assets/css/pickadate/default.date7e68.css]
[wp-content/plugins/ultimate-member/assets/css/pickadate/default.time7e68.css]
[wp-content/plugins/ultimate-member/assets/font/raty.eot]
[wp-content/plugins/ultimate-member/assets/font/ratyd41d.eot]
[wp-content/plugins/ultimate-member/assets/font/raty.ttf]
[wp-content/plugins/ultimate-member/assets/font/raty.woff]
[wp-content/plugins/ultimate-member/assets/css/um-raty7e68.css]
[wp-content/plugins/ultimate-member/assets/css/simplebar7e68.css]
[wp-content/plugins/ultimate-member/assets/css/um-tipsy7e68.css]
[wp-content/plugins/ultimate-member/assets/css/um-responsive7e68.css]
[wp-content/plugins/ultimate-member/assets/css/um-old-default7e68.css]
[wp-content/plugins/ocean-extra/assets/img/instagram-logo.png]
[wp-content/plugins/ocean-extra/assets/img/flickr.png]
[wp-content/plugins/ocean-extra/assets/css/widgets9f31.css]
[css48a6.css]
[wp-content/plugins/elementor/assets/lib/font-awesome/css/fontawesome.min9e0b.css]
[wp-content/plugins/elementor/assets/lib/font-awesome/webfonts/fa-solid-900.eot]
[wp-content/plugins/elementor/assets/lib/font-awesome/webfonts/fa-solid-900d41d.eot]
[wp-content/plugins/elementor/assets/lib/font-awesome/webfonts/fa-solid-900.woff2]
[wp-content/plugins/elementor/assets/lib/font-awesome/webfonts/fa-solid-900.woff]
[wp-content/plugins/elementor/assets/lib/font-awesome/webfonts/fa-solid-900.ttf]
[wp-content/plugins/elementor/assets/lib/font-awesome/css/solid.min9e0b.css]
[wp-content/plugins/elementor/assets/lib/font-awesome/webfonts/fa-brands-400.eot]
[wp-content/plugins/elementor/assets/lib/font-awesome/webfonts/fa-brands-400d41d.eot]
[wp-content/plugins/elementor/assets/lib/font-awesome/webfonts/fa-brands-400.woff2]
[wp-content/plugins/elementor/assets/lib/font-awesome/webfonts/fa-brands-400.woff]
[wp-content/plugins/elementor/assets/lib/font-awesome/webfonts/fa-brands-400.ttf]
[wp-content/plugins/elementor/assets/lib/font-awesome/css/brands.min9e0b.css]
[wp-content/plugins/elementor/assets/lib/font-awesome/webfonts/fa-regular-400.eot]
[wp-content/plugins/elementor/assets/lib/font-awesome/webfonts/fa-regular-400d41d.eot]
[wp-content/plugins/elementor/assets/lib/font-awesome/webfonts/fa-regular-400.woff2]
[wp-content/plugins/elementor/assets/lib/font-awesome/webfonts/fa-regular-400.woff]
[wp-content/plugins/elementor/assets/lib/font-awesome/webfonts/fa-regular-400.ttf]
[wp-content/plugins/elementor/assets/lib/font-awesome/css/regular.min9e0b.css]
[wp-content/plugins/smart-slider-3/Public/SmartSlider3/Application/Frontend/Assets/dist/smartslider.min33f7.css]
[wp-content/uploads/2020/10/mission-1.png]
[wp-json/wp/v2/pages/349.json]
[wp-json/oembed/1.0/embed90f8.json]
[wp-json/oembed/1.0/embedacde]
[wp-content/uploads/2020/10/mission-1-1024x1024.png]
[wp-content/uploads/2020/10/vision-1-1024x1024.png]
[about-us/index.html]
[wp-content/uploads/2020/11/c.png]
[wp-json/wp/v2/pages/834.json]
[wp-json/oembed/1.0/embedec43.json]
[wp-json/oembed/1.0/embed7967]
[wp-content/uploads/2020/11/net.png]
[wp-content/uploads/2020/11/php.png]
[wp-content/uploads/2020/11/oracle.png]
[wp-content/uploads/2020/11/DBA.jpg]
[wp-content/uploads/2020/11/webdesign.png]
[wp-content/uploads/2020/11/testing_tools.png]
[wp-content/uploads/2020/11/data_science_analytics.png]
[wp-content/uploads/2020/11/angular-js.png]
[wp-content/uploads/2020/11/hadoop.png]
[wp-content/uploads/2020/11/big-data.png]
[wp-content/uploads/2020/11/cloud_computing.png]
[wp-content/uploads/2020/11/aws.png]
[wp-content/uploads/2020/11/ai.png]
[wp-content/uploads/2020/11/cyber.png]
[wp-content/uploads/2020/11/block_chain.png]
[wp-content/uploads/2020/11/iot.png]
[wp-content/uploads/2020/11/machine_learning.png]
[wp-content/uploads/2020/11/android.png]
[courses-offered/it-courses/index.html]
[wp-content/uploads/2020/11/2_ms_office.png]
[wp-json/wp/v2/pages/837.json]
[wp-json/oembed/1.0/embed570d.json]
[wp-json/oembed/1.0/embeddaa4]
[wp-content/uploads/2020/11/2_tally.png]
[wp-content/uploads/2020/11/2_dtp.png]
[wp-content/uploads/2020/11/2_computer_applications.png]
[wp-content/uploads/2020/11/2_diploma_accounts.png]
[courses-offered/computer-courses/index.html]
[wp-content/uploads/2020/11/3_hardware_networking.png]
[wp-json/wp/v2/pages/839.json]
[wp-json/oembed/1.0/embed69b8.json]
[wp-json/oembed/1.0/embed4d05]
[wp-content/uploads/2020/11/3_CCNA.png]
[wp-content/uploads/2020/11/3_ethical_hacking.png]
[wp-content/uploads/2020/11/3_MCITP.png]
[wp-content/uploads/2020/11/3_linux.png]
[wp-content/uploads/2020/11/3_windows_server.png]
[wp-content/uploads/2020/11/3_operating_system.png]
[wp-content/uploads/2020/11/3_cisco.png]
[courses-offered/networking-courses/index.html]
[wp-content/uploads/2020/11/4_civil.png]
[wp-json/wp/v2/pages/882.json]
[wp-json/oembed/1.0/embed0bca.json]
[wp-json/oembed/1.0/embede8cf]
[wp-content/uploads/2020/11/4_mechanical.png]
[wp-content/uploads/2020/11/4_electrical.png]
[wp-content/uploads/2020/11/4_electronic.png]
[wp-content/uploads/2020/11/4_architectural.png]
[wp-content/uploads/2020/12/1_revit.jpg]
[wp-content/uploads/2020/12/2_3dx.jpg]
[wp-content/uploads/2020/12/3_staad_pro.jpg]
[wp-content/uploads/2020/12/5_e-tabs.jpg]
[wp-content/uploads/2020/12/6_bim-mep.jpg]
[wp-content/uploads/2020/12/7_catia.jpg]
[wp-content/uploads/2020/12/8_pro-e.jpg]
[wp-content/uploads/2020/12/9_solid_works.jpg]
[wp-content/uploads/2020/12/11_building_plans.jpg]
[wp-content/uploads/2020/12/13_canal.jpg]
[wp-content/uploads/2020/12/14_structural_designs.jpg]
[wp-content/uploads/2020/12/15_elevations.jpg]
[courses-offered/cad-courses/index.html]
[wp-content/uploads/2020/11/5_CAP.png]
[wp-json/wp/v2/pages/883.json]
[wp-json/oembed/1.0/embedc860.json]
[wp-json/oembed/1.0/embed9b5e]
[wp-content/uploads/2020/11/5_CCC.png]
[wp-content/uploads/2020/11/5_EFC.png]
[courses-offered/exclusive-individual-courses/index.html]
[wp-content/uploads/2020/11/1-1.jpg]
[wp-json/wp/v2/pages/884.json]
[wp-json/oembed/1.0/embedccfa.json]
[wp-json/oembed/1.0/embeda26f]
[wp-content/uploads/2020/11/2-1.jpg]
[wp-content/uploads/2020/11/3-1.jpg]
[wp-content/uploads/2020/11/4-1.jpg]
[wp-content/uploads/2020/11/5-1.jpg]
[wp-content/uploads/2020/11/6-1.jpg]
[wp-content/uploads/2020/11/7.jpg]
[wp-content/uploads/2020/11/8.jpg]
[wp-content/uploads/2020/11/9.jpg]
[wp-content/uploads/2020/11/10.jpg]
[wp-content/uploads/2020/11/11.jpg]
[wp-content/uploads/2020/11/12.jpg]
[wp-content/uploads/2020/11/13.jpg]
[courses-offered/multimedia-courses/index.html]
[wp-content/uploads/2021/04/Adalath-9.png]
[wp-json/wp/v2/pages/807.json]
[wp-json/oembed/1.0/embed22cd.json]
[wp-json/oembed/1.0/embedb8fe]
[wp-content/uploads/2021/04/Adalath-9-768x463.png]
[wp-content/uploads/2021/04/Adalath-1-768x463.png]
[wp-content/uploads/2021/04/Adalath-2-768x463.png]
[wp-content/uploads/2021/04/Adalath-3-768x462.png]
[wp-content/uploads/2021/04/Adalath-4-768x462.png]
[wp-content/uploads/2021/04/Adalath-5-768x462.png]
[wp-content/uploads/2021/04/Adalath-6-768x462.png]
[wp-content/uploads/2021/04/Adalath-7-768x462.png]
[wp-content/uploads/2021/04/Adalath-8-768x462.png]
[wp-content/uploads/2020/11/PHOTO-2019-01-05-09-23-21-768x512.jpg]
[wp-content/uploads/2020/11/PHOTO-2018-03-30-17-20-49-768x512.jpg]
[wp-content/uploads/2021/03/softech_image-5-768x512.png]
[wp-content/uploads/2020/12/2-3-768x512.jpg]
[wp-content/uploads/2020/12/1-3-768x512.jpg]
[wp-content/uploads/2021/03/softech_image-4-768x508.png]
[wp-content/uploads/2020/12/3-3-768x512.jpg]
[wp-content/uploads/2020/11/PHOTO-2018-03-30-17-20-50-768x512.jpg]
[wp-content/uploads/2020/11/PHOTO-2019-01-05-09-23-21-2-768x512.jpg]
[wp-content/uploads/2020/11/PHOTO-2019-01-05-09-23-21-3-768x512.jpg]
[wp-content/uploads/2020/11/PHOTO-2019-01-05-09-23-21-6-768x512.jpg]
[wp-content/uploads/2020/11/PHOTO-2019-01-05-09-23-21-5-768x512.jpg]
[wp-content/uploads/2020/11/PHOTO-2019-01-05-09-23-21-4-768x512.jpg]
[gallery/index.html]
[wp-json/wp/v2/pages/29.json]
[wp-json/oembed/1.0/embedd5a6.json]
[wp-json/oembed/1.0/embed6bd7]
[get-in-touch/index.html]
[wp-content/uploads/2020/09/logo.svg]
[wp-json/wp/v2/pages/1093.json]
[wp-json/oembed/1.0/embeddd03.json]
[wp-json/oembed/1.0/embed0b04]
[softech-computers/index.html]
[wp-content/uploads/2020/11/setwin-logo2.png]
[wp-json/wp/v2/pages/687.json]
[wp-json/oembed/1.0/embed66c8.json]
[wp-json/oembed/1.0/embed2ddc]
[wp-content/uploads/2020/11/setwin-logo2-300x111.png]
[wp-content/uploads/2020/10/SETWIN-CERTIFICATE.jpg]
[wp-content/uploads/2020/10/SETWIN-CERTIFICATE-768x542.jpg]
[wp-content/uploads/2020/10/GOVT-JOB-1.jpg]
[wp-content/uploads/2020/10/GOVT-JOB-1-768x542.jpg]
[wp-content/uploads/2020/10/NPDCL-SETWIN.jpg]
[wp-content/uploads/2020/10/NPDCL-SETWIN-768x542.jpg]
[wp-content/uploads/2020/10/NPDCL-Employee-SETWIN-Certificate.jpg]
[wp-content/uploads/2020/10/NPDCL-Employee-SETWIN-Certificate-768x542.jpg]
[wp-content/uploads/2020/10/NPDCL-Employee-Certificate-1.jpg]
[wp-content/uploads/2020/10/NPDCL-Employee-Certificate-1-768x542.jpg]
[wp-content/uploads/2020/10/SETWIN-EXAM.jpg]
[wp-content/uploads/2020/10/SETWIN-EXAM-768x542.jpg]
[wp-content/uploads/2020/10/SETWIN-EXAM-PASS-ASSURANCE.jpg]
[wp-content/uploads/2020/10/SETWIN-EXAM-PASS-ASSURANCE-768x542.jpg]
[wp-content/uploads/2020/10/Lifetime-Membership-Card-2.jpg]
[wp-content/uploads/2020/10/Lifetime-Membership-Card-2-768x542.jpg]
[setwin/index.html]
[wp-content/uploads/2020/12/1-4.jpg]
[wp-json/wp/v2/pages/800.json]
[wp-json/oembed/1.0/embed258a.json]
[wp-json/oembed/1.0/embed06d5]
[wp-content/uploads/2020/12/Untitled-3.jpg]
[wp-content/uploads/2020/12/3-4.jpg]
[wp-content/uploads/2020/12/4-3.jpg]
[wp-content/uploads/2020/12/5-3.jpg]
[wp-content/uploads/2020/12/6-3.jpg]
[english-courses/index.html]
[wp-json/wp/v2/pages/498.json]
[wp-json/oembed/1.0/embede981.json]
[wp-json/oembed/1.0/embed8ed1]
[enroll-now/index.html]
[xfn/default.css]
[xfn/.html]
[xfn/intro.html]
[xfn/faq.html]
[wp-content/plugins/elementor/assets/lib/eicons/fonts/eicons0b93.svg]
[wp-content/themes/oceanwp/assets/fonts/fontawesome/webfonts/fa-brands-400.svg]
[wp-content/themes/oceanwp/assets/fonts/fontawesome/webfonts/fa-regular-400.svg]
[wp-content/uploads/2020/10/badge-1-300x227.png]
[wp-content/themes/oceanwp/assets/fonts/fontawesome/webfonts/fa-solid-900.svg]
[wp-content/themes/oceanwp/assets/fonts/simple-line-icons/Simple-Line-Iconsb26c.svg]
[wp-content/themes/oceanwp/assets/fonts/slick/slick.svg]
[wp-content/plugins/elementor/assets/lib/eicons/fonts/eiconsa481.svg]
[wp-content/plugins/elementskit-lite/widgets/init/assets/img/cross-out.svg]
[wp-content/plugins/ultimate-member/assets/font/ionicons28b5.svg]
[wp-content/plugins/ultimate-member/assets/font/fontawesome-webfont78ce.svg]
[wp-content/plugins/ultimate-member/assets/font/raty.svg]
[wp-content/plugins/elementor/assets/lib/font-awesome/webfonts/fa-solid-900.svg]
[wp-content/plugins/elementor/assets/lib/font-awesome/webfonts/fa-brands-400.svg]
[wp-content/plugins/elementor/assets/lib/font-awesome/webfonts/fa-regular-400.svg]
[wp-content/uploads/2020/10/graduation-concept-with-student-holding-hat_23-2148201873.jpg]
[wp-content/uploads/elementor/css/post-349760e.css]
[index601c.html]
[wp-content/uploads/elementor/css/post-834467c.css]
[indexe9c6.html]
[wp-content/uploads/elementor/css/post-837a126.css]
[index0c04.html]
[wp-content/uploads/elementor/css/post-8398151.css]
[indexce54.html]
[wp-content/uploads/elementor/css/post-882fb44.css]
[index8381.html]
[wp-content/uploads/2020/11/4_project_management.png]
[wp-content/uploads/2020/12/12_municipality.jpg]
[wp-content/uploads/2020/12/10_mining.jpg]
[wp-content/uploads/2020/12/4_primavera.jpg]
[wp-content/uploads/elementor/css/post-883a6d8.css]
[indexa34f.html]
[wp-content/uploads/elementor/css/post-884240d.css]
[index470a.html]
[wp-content/uploads/elementor/css/post-807919d.css]
[index0d13.html]
[wp-content/uploads/elementor/css/post-293d37.css]
[index9cd7.html]
[wp-content/uploads/elementor/css/post-10931d43.css]
[index9a65.html]
[wp-content/uploads/elementor/css/post-687bcf4.css]
[indexcbf7.html]
[wp-content/uploads/elementor/css/post-8001937.css]
[indexcb2d.html]
[wp-content/uploads/elementor/css/post-498dfc1.css]
[index5b8d.html]
